// Jest Snapshot v1, https://goo.gl/fbAQLP

exports[`should only allow numeric entries 1`] = `
<input
  id="number-field"
  onChange={[Function]}
  value=""
/>
`;
